✔ new chats resume one shared checkpoint and preserve bytes after original upload disappears (332.434958ms)
✔ different upload cannot replace an unfinished property (373.026958ms)
✔ pending intent resumes only through its saved receipt, with absolute follow-up command (357.742542ms)
✔ completed same-file intake reports saved checkpoint without replay (251.559792ms)
✔ changed completed token is blocked by existing runner ledger (389.198875ms)
✔ changed preserved source and competing intake lock both fail closed (291.567209ms)
✔ initial export suffix is rejected before any checkpoint is created (32.5575ms)
✔ explicit preview prevents mutations even when the same upload previously activated the workflow (366.000792ms)
✔ positive upload activates sheets and letter only, without a second request (243.456791ms)
✔ emitted direct check and call execute unchanged and preserve receipts (400.928084ms)
✔ emitted runlayer-catalog check and call execute unchanged and preserve receipts (386.780083ms)
✔ full-column response may clamp header only to independently verified grid extent (1.262875ms)
✔ wrapped legal alias stays with second seller while unrelated multiline names block (7.655125ms)
✔ empty-cell connector sentinel verifies blank subsidy but rejects missing expected amount and malformed receipts (6.555959ms)
✔ notes text readback accepts flattened newlines but rejects altered wording and structured value changes (2.272833ms)
✔ negative completes serial writes, sends once, and never creates a letter (1.325625ms)
✔ Gmail explicit text success receipt confirms once; ambiguous text cannot advance (0.903416ms)
✔ exact zero follows unchanged truthful email branch and sheet transfer precedes final completion (2.564916ms)
✔ positive two-seller copy uses current token and verifies T; no email or P/Q (1.165958ms)
✔ existing Opendoor writer access is accepted only for the verified destination and current draft (1.107167ms)
✔ missing rows append once with response-derived row and fresh duplicate checks (1.237291ms)
✔ literal scratch fallback keeps complete scans and clears only owned scratch (1.171833ms)
✔ error scratch fallback keeps complete scans and clears only owned scratch (1.2095ms)
✔ occupied scratch fallback keeps complete scans and clears only owned scratch (1.169542ms)
✔ duplicate beyond old row ceiling blocks with both row numbers (1.618292ms)
✔ changed token stops immediately before write (0.469334ms)
✔ uncertain email cannot replay or write completion fields (0.681125ms)
✔ uncertain copy cannot replay and old template ID is rejected (0.718083ms)
✔ atomic batch rejection runs nine ordered single replacements (1.830583ms)
✔ unsupported sign, ambiguous names, invalid email, preview writes and foreign responses are blocked (0.565833ms)
✔ case-sensitive full TSV scan preserves blank row offsets and quoted fields (0.074542ms)
✔ single seller leaves second signer placeholder empty (0.041708ms)
✔ wrong T readback and zero-match date cannot report success (1.4915ms)
✔ CLI emits a runnable direct connector call and captures an untranscribed response (136.008417ms)
✔ extractor selects locked data-col values, 15 rows, reordered Table2, blank null and independent SF (344.554875ms)
✔ portable fresh ledger checks existing sheet status or letter before new writes (1.411958ms)
✔ standalone intake accepts uploaded HTML without browser state and preserves local ledger guards (810.489833ms)
✔ existing row 1465 is updated in place; estimate and draft link stay on that row (1.614708ms)
✔ duplicate at rows 1465 and 1475 stops before any mutation on any sheet (0.730084ms)
✔ complete TSV preserves distant row indices; narrow and summarized receipts fail closed (0.289458ms)
✔ write contract rejects Accounting G/U, fabricated status, wrong row and wrong estimate (1.412917ms)
✔ append cannot use a guessed missing-row result or add a broad Accounting row (0.243625ms)
✔ wrong or inaccessible folder stops positive workflow before sheet edits or copying (1.312791ms)
✔ copy in wrong folder cannot advance to sharing or post a draft link (0.834583ms)
✔ wrong estimate readback blocks communication even after successful sheet update receipts (0.617792ms)
✔ email and sharing destinations cannot be replaced by improvised values (1.216625ms)
✔ catalog maps only approved Sheets and Gmail names and retains positive requirements (0.38ms)
✔ reject arbitrary bindings and missing tools; old direct checks still work (0.353292ms)
ℹ tests 48
ℹ suites 0
ℹ pass 48
ℹ fail 0
ℹ cancelled 0
ℹ skipped 0
ℹ todo 0
ℹ duration_ms 3481.88875
